[www.ptsdbenefits.com/index.html]
[backblue.gif]
[fade.gif]
[index.html]
[images.squarespace-cdn.com/content/5d7f98caa54e0e23a6eca287/1593286769210-MO7104P3MTQH18XMZ6AU/five-pointed-star-blackstar-small-staree8a.jpg]
[assets.squarespace.com/universal/scripts-compressed/common-vendors-4462869f33015f1b14d8b-min.en-US.js]
[use.typekit.net/ik/sQByLlzDAcVxIg4_Qw7TZtnwPHldXKO9a7e-2o_QShbfelt2fFHN4UJLFRbh52jhWDmqFhjo5eFyjQ9XZQg8wRFyFcmRjQJtFU7WMkG0jAFu-WsoShFGZAsude80ZkoRdhXCHKoyjamTiY8Djhy8ZYmC-Ao1Oco8if37OcBDOcu8OfG0j14zjhFzdeql-emkdhtlZcs]
[static1.squarespace.com/static/sitecss/5d7f98caa54e0e23a6eca287/16/5c5a519771c10ba3470d8101/5d7f98caa54e0e23a6eca29d/953-05142015/1593483468598/site8696.css]
[www.google-analytics.com/analytics.js]
[assets.squarespace.com/universal/scripts-compressed/performance-37ce7cccb2f060b78289f-min.en-US.js]
[www.ptsdbenefits.com/cart.html]
[www.ptsdbenefits.com/va-benefits-blog.html]
[www.ptsdbenefits.com/services.html]
[assets.squarespace.com/universal/scripts-compressed/common-46716ee55c7b3fef11e3e-min.en-US.js]
[www.ptsdbenefits.com/contact.html]
[www.ptsdbenefits.com/about.html]
[images.squarespace-cdn.com/content/v1/5d7f98caa54e0e23a6eca287/1570634101373-TBGI4OABA74WTX4XUE1I/ke17ZwdGBToddI8pDm48kLkXF2pIyv_F2eUT9F60jBl7gQa/image-asset.jpg]
[images.squarespace-cdn.com/content/v1/5d7f98caa54e0e23a6eca287/1570634716128-59KALO91N93LFYKN1PI8/ke17ZwdGBToddI8pDm48kLkXF2pIyv_F2eUT9F60jBl7gQa/image-asset.jpg]
[www.ptsdbenefits.com/index.html]
[assets.squarespace.com/universal/images-v6/damask/error-dark.png]
[assets.squarespace.com/universal/images-v6/damask/error-dark@2x.png]
[assets.squarespace.com/universal/images-v6/damask/play-button.png]
[assets.squarespace.com/universal/images-v6/damask/play-button@2x.png]
[assets.squarespace.com/universal/images-v6/damask/edit-aviary-light.png]
[assets.squarespace.com/universal/images-v6/damask/edit-aviary-light@2x.png]
[assets.squarespace.com/universal/images-v6/damask/edit-info-light.png]
[assets.squarespace.com/universal/images-v6/damask/edit-info-light@2x.png]
[static1.squarespace.com/static/ta/5c5a514d65019f01a2cb2be5/953/scripts/site-bundle.js]
[assets.squarespace.com/universal/images-v6/damask/trash-9-light.png]
[assets.squarespace.com/universal/images-v6/damask/trash-9-light@2x.png]
[assets.squarespace.com/universal/images-v6/damask/trash-9-red.png]
[assets.squarespace.com/universal/images-v6/damask/trash-9-red@2x.png]
[assets.squarespace.com/universal/images-v6/damask/getty-16-light.png]
[assets.squarespace.com/universal/images-v6/damask/getty-32-light.png]
[assets.squarespace.com/universal/images-v6/damask/shopping-cart-16-light.png]
[assets.squarespace.com/universal/images-v6/damask/shopping-cart-32-light.png]
[static1.squarespace.com/universal/images-v6/icons/block-indicator-dark.png]
[static1.squarespace.com/universal/images-v6/icons/block-indicator-dark@2x.png]
[static1.squarespace.com/universal/images-v6/icons/opentable-icons.png]
[static1.squarespace.com/universal/images-v6/icons/icon-searchqueries-20-dark.png]
[static1.squarespace.com/universal/images-v6/icons/icon-searchqueries-20-light.png]
[assets.squarespace.com/universal/images-v6/icons/icon-video-24-light-solid.png]
[assets.squarespace.com/universal/images-v6/standard/icon_close_7_light.png]
[assets.squarespace.com/universal/images-v6/icons/icon-settings-16-light.png]
[static1.squarespace.com/static/sitecss/5d7f98caa54e0e23a6eca287/16/5c5a519771c10ba3470d8101/5d7f98caa54e0e23a6eca29d/953-05142015/1593483468598/site8696.css]
[www.ptsdbenefits.com/cart.html]
[www.ptsdbenefits.com/va-benefits-bloga409]
[www.ptsdbenefits.com/va-benefits-blog.html]
[www.ptsdbenefits.com/services.html]
[www.ptsdbenefits.com/contact.html]
[www.ptsdbenefits.com/va-benefits-blog/blog-post-title-one-kgkrw.html]
[images.squarespace-cdn.com/content/v1/5d7f98caa54e0e23a6eca287/1570736293617-ZWTEN0H8YHBTCMXRPA90/ke17ZwdGBToddI8pDm48kDHPSfPanjkWqhH6pl6g5ph7gQa/flag.jpg]
[www.ptsdbenefits.com/about.html]
[assets.squarespace.com/universal/images-v6/damask/gallery-play-big.png]
[assets.squarespace.com/universal/images-v6/damask/gallery-play-big@2x.png]
[assets.squarespace.com/universal/scripts-compressed/commerce-cart-b759f4fe0e2cd55fb5962-min.en-US.js]
[assets.squarespace.com/universal/scripts-compressed/commerce-checkout-5d08a0c4bfab114891e40-min.en-US.js]
[images.squarespace-cdn.com/content/5ec321c2af33de48734cc929/1589846999502-9M8D7ZRY9RXNO7PJIZY3/20140301_Trade-151_0124-copy43a3.jpg]
[www.ptsdbenefits.com/va-benefits-blog/blog-post-title-one-kgkrw.html]
[www.ptsdbenefits.com/va-benefits-blogc7a6.html]
[www.ptsdbenefits.com/va-benefits-blogc7a6.html]
